Program:
  x#1 = Input()
  split:
    assume(True)
    x#1 = 1
  |:
    assume(False)
  end:
