{
  "always": {
    "assign0": [
      {
        "trace:": [
          "assign0", 
          "start0"
        ], 
        "values": {
          "a": "[-2147483648, 2147483647]", 
          "b": "[-2147483648, 2147483647]", 
          "tmp": "[-2147483648, 2147483647]"
        }
      }
    ], 
    "assign1": [
      {
        "trace:": [
          "assign0", 
          "assign1", 
          "start0"
        ], 
        "values": {
          "a": "[-2147483648, 2147483647]", 
          "b": "[-2147483648, 2147483647]", 
          "tmp": "[-2147483648, 2147483647]"
        }
      }
    ], 
    "assign2": [
      {
        "trace:": [
          "assign0", 
          "assign1", 
          "assign2", 
          "start0"
        ], 
        "values": {
          "a": "[-2147483648, 2147483647]", 
          "b": "[-2147483648, 2147483647]", 
          "tmp": "[-2147483648, 2147483647]"
        }
      }
    ], 
    "assign3": [
      {
        "trace:": [
          "assign0", 
          "assign1", 
          "assign2", 
          "assign3", 
          "start0"
        ], 
        "values": {
          "a": "[-2147483648, 2147483647]", 
          "b": "[-2147483648, 2147483647]", 
          "tmp": "[-2147483648, 2147483647]"
        }
      }
    ], 
    "start0": [
      {
        "trace:": [
          "start0"
        ], 
        "values": {
          "a": "[-2147483648, 2147483647]", 
          "b": "[-2147483648, 2147483647]", 
          "tmp": "[-2147483648, 2147483647]"
        }
      }
    ]
  }, 
  "le_t_eq_v": {
    "assign0": [
      {
        "trace:": [
          "assign0", 
          "start0"
        ], 
        "values": {
          "a": "[-2147483648, 2147483647]", 
          "b": "[-2147483648, 2147483647]", 
          "tmp": "[-2147483648, 2147483647]"
        }
      }
    ], 
    "assign1": [
      {
        "trace:": [
          "assign0", 
          "assign1", 
          "start0"
        ], 
        "values": {
          "a": "[-2147483648, 2147483647]", 
          "b": "[-2147483648, 2147483647]", 
          "tmp": "[-2147483648, 2147483647]"
        }
      }
    ], 
    "assign2": [
      {
        "trace:": [
          "assign0", 
          "assign1", 
          "assign2", 
          "start0"
        ], 
        "values": {
          "a": "[-2147483648, 2147483647]", 
          "b": "[-2147483648, 2147483647]", 
          "tmp": "[-2147483648, 2147483647]"
        }
      }
    ], 
    "assign3": [
      {
        "trace:": [
          "assign0", 
          "assign1", 
          "assign2", 
          "assign3", 
          "start0"
        ], 
        "values": {
          "a": "[-2147483648, 2147483647]", 
          "b": "[-2147483648, 2147483647]", 
          "tmp": "[-2147483648, 2147483647]"
        }
      }
    ], 
    "start0": [
      {
        "trace:": [
          "start0"
        ], 
        "values": {
          "a": "[-2147483648, 2147483647]", 
          "b": "[-2147483648, 2147483647]", 
          "tmp": "[-2147483648, 2147483647]"
        }
      }
    ]
  }
}
