Program:
  $stack#1 = Updated_1($stack#1, Input())
  ret0#2 = <SubpBody ["F"] test.adb:4:4-7:10>(Var_1($stack#1), Offset_2($stack#1))
  $stack#1 = CopyOffset($stack#1, Get_0(ret0#2))
  end:
