{
  "always": [
    "assign3"
  ], 
  "le_t_eq_v": [
    "assign3"
  ]
}
