{
  "always": {
    "assign0": [
      {
        "trace:": [
          "assign0", 
          "assume0",
          "read0",
          "start0"
        ],
        "values": {
          "$stack": "({}, 0)",
          "P": "{[non-null]}",
          "X": "[-2147483648, 2147483647]"
        }
      }
    ],
    "assign1": [
      {
        "trace:": [
          "assign0",
          "assign1",
          "assume0",
          "read0",
          "start0"
        ],
        "values": {
          "$stack": "({}, 0)",
          "P": "{[non-null]}",
          "X": "[-2147483648, 2147483647]"
        }
      }
    ],
    "assign2": [
      {
        "trace:": [
          "assign0",
          "assign1",
          "assign2",
          "assume0",
          "read0",
          "start0"
        ],
        "values": {
          "$stack": "({}, 0)",
          "P": "{[non-null]}",
          "X": "[-2147483648, 2147483647]"
        }
      }
    ],
    "assume0": [
      {
        "trace:": [
          "assume0",
          "read0",
          "start0"
        ],
        "values": {
          "$stack": "({}, 0)",
          "P": "{[non-null]}",
          "X": "[-2147483648, 2147483647]"
        }
      }
    ],
    "read0": [
      {
        "trace:": [
          "read0",
          "start0"
        ],
        "values": {
          "$stack": "({}, 0)",
          "P": "{[all-path]}",
          "X": "[-2147483648, 2147483647]"
        }
      }
    ],
    "start0": [
      {
        "trace:": [
          "start0"
        ],
        "values": {
          "$stack": "({}, 0)",
          "P": "{[all-path]}",
          "X": "[-2147483648, 2147483647]"
        }
      }
    ]
  },
  "le_t_eq_v": {
    "assign0": [
      {
        "trace:": [
          "assign0",
          "assume0",
          "read0",
          "start0"
        ],
        "values": {
          "$stack": "({}, 0)",
          "P": "{[non-null]}",
          "X": "[-2147483648, 2147483647]"
        }
      }
    ],
    "assign1": [
      {
        "trace:": [
          "assign0",
          "assign1",
          "assume0",
          "read0",
          "start0"
        ],
        "values": {
          "$stack": "({}, 0)",
          "P": "{[non-null]}",
          "X": "[-2147483648, 2147483647]"
        }
      }
    ],
    "assign2": [
      {
        "trace:": [
          "assign0",
          "assign1",
          "assign2",
          "assume0",
          "read0",
          "start0"
        ],
        "values": {
          "$stack": "({}, 0)",
          "P": "{[non-null]}",
          "X": "[-2147483648, 2147483647]"
        }
      }
    ],
    "assume0": [
      {
        "trace:": [
          "assume0",
          "read0",
          "start0"
        ],
        "values": {
          "$stack": "({}, 0)",
          "P": "{[non-null]}",
          "X": "[-2147483648, 2147483647]"
        }
      }
    ],
    "read0": [
      {
        "trace:": [
          "read0",
          "start0"
        ],
        "values": {
          "$stack": "({}, 0)",
          "P": "{[all-path]}",
          "X": "[-2147483648, 2147483647]"
        }
      }
    ],
    "start0": [
      {
        "trace:": [
          "start0"
        ],
        "values": {
          "$stack": "({}, 0)",
          "P": "{[all-path]}",
          "X": "[-2147483648, 2147483647]"
        }
      }
    ]
  }
}