{
  "always": {
    "assign0": [
      {
        "trace:": [
          "assign0",
          "read0",
          "start0"
        ],
        "values": {
          "$stack": "({}, 0)",
          "p": "{Get_0(Get_0(0x00000002))}"
        }
      }
    ],
    "assign1": [
      {
        "trace:": [
          "assign0",
          "assign1",
          "assume0",
          "assume1",
          "assume2",
          "read0",
          "start0"
        ],
        "values": {
          "$stack": "({2: '(([2, 2], [-2147483648, 2147483647]), [4, 4], [-2147483648, 2147483647])'}, 0)",
          "p": "{Get_0(Get_0(0x00000002))}"
        }
      }
    ],
    "assume0": [
      {
        "trace:": [
          "assign0",
          "assume0",
          "read0",
          "start0"
        ],
        "values": {
          "$stack": "({}, 0)",
          "p": "{Get_0(Get_0(0x00000002))}"
        }
      }
    ],
    "assume1": [
      {
        "trace:": [
          "assign0",
          "assume0",
          "assume1",
          "read0",
          "start0"
        ],
        "values": {
          "$stack": "({2: '(([2, 2], [-2147483648, 2147483647]), [-2147483648, 2147483647], [-2147483648, 2147483647])'}, 0)",
          "p": "{Get_0(Get_0(0x00000002))}"
        }
      }
    ],
    "assume2": [
      {
        "trace:": [
          "assign0",
          "assume0",
          "assume1",
          "assume2",
          "read0",
          "start0"
        ],
        "values": {
          "$stack": "({2: '(([2, 2], [-2147483648, 2147483647]), [-2147483648, 2147483647], [-2147483648, 2147483647])'}, 0)",
          "p": "{Get_0(Get_0(0x00000002))}"
        }
      }
    ],
    "assume3": [
      {
        "trace:": [
          "assign0",
          "assume0",
          "assume3",
          "read0",
          "start0"
        ],
        "values": {
          "$stack": "({2: '(([-2147483648, 2147483647], [-2147483648, 2147483647]), [-2147483648, 2147483647], [-2147483648, 2147483647])'}, 0)",
          "p": "{Get_0(Get_0(0x00000002))}"
        }
      }
    ],
    "read0": [
      {
        "trace:": [
          "read0",
          "start0"
        ],
        "values": {
          "$stack": "({}, 0)",
          "p": "{[all-path]}"
        }
      }
    ],
    "split_join0": [
      {
        "trace:": [
          "assign0",
          "assign1",
          "assume0",
          "assume1",
          "assume2",
          "assume3",
          "read0",
          "split_join0",
          "start0"
        ],
        "values": {
          "$stack": "({2: '(([-2147483648, 2147483647], [-2147483648, 2147483647]), [-2147483648, 2147483647], [-2147483648, 2147483647])'}, 0)",
          "p": "{Get_0(Get_0(0x00000002))}"
        }
      }
    ],
    "start0": [
      {
        "trace:": [
          "start0"
        ],
        "values": {
          "$stack": "({}, 0)",
          "p": "{[all-path]}"
        }
      }
    ]
  },
  "le_t_eq_v": {
    "assign0": [
      {
        "trace:": [
          "assign0",
          "read0",
          "start0"
        ],
        "values": {
          "$stack": "({}, 0)",
          "p": "{Get_0(Get_0(0x00000002))}"
        }
      }
    ],
    "assign1": [
      {
        "trace:": [
          "assign0",
          "assign1",
          "assume0",
          "assume1",
          "assume2",
          "read0",
          "start0"
        ],
        "values": {
          "$stack": "({2: '(([2, 2], [-2147483648, 2147483647]), [4, 4], [-2147483648, 2147483647])'}, 0)",
          "p": "{Get_0(Get_0(0x00000002))}"
        }
      }
    ],
    "assume0": [
      {
        "trace:": [
          "assign0",
          "assume0",
          "read0",
          "start0"
        ],
        "values": {
          "$stack": "({}, 0)",
          "p": "{Get_0(Get_0(0x00000002))}"
        }
      }
    ],
    "assume1": [
      {
        "trace:": [
          "assign0",
          "assume0",
          "assume1",
          "read0",
          "start0"
        ],
        "values": {
          "$stack": "({2: '(([2, 2], [-2147483648, 2147483647]), [-2147483648, 2147483647], [-2147483648, 2147483647])'}, 0)",
          "p": "{Get_0(Get_0(0x00000002))}"
        }
      }
    ],
    "assume2": [
      {
        "trace:": [
          "assign0",
          "assume0",
          "assume1",
          "assume2",
          "read0",
          "start0"
        ],
        "values": {
          "$stack": "({2: '(([2, 2], [-2147483648, 2147483647]), [-2147483648, 2147483647], [-2147483648, 2147483647])'}, 0)",
          "p": "{Get_0(Get_0(0x00000002))}"
        }
      }
    ],
    "assume3": [
      {
        "trace:": [
          "assign0",
          "assume0",
          "assume3",
          "read0",
          "start0"
        ],
        "values": {
          "$stack": "({2: '(([-2147483648, 2147483647], [-2147483648, 2147483647]), [-2147483648, 2147483647], [-2147483648, 2147483647])'}, 0)",
          "p": "{Get_0(Get_0(0x00000002))}"
        }
      }
    ],
    "read0": [
      {
        "trace:": [
          "read0",
          "start0"
        ],
        "values": {
          "$stack": "({}, 0)",
          "p": "{[all-path]}"
        }
      }
    ],
    "split_join0": [
      {
        "trace:": [
          "assign0",
          "assign1",
          "assume0",
          "assume1",
          "assume2",
          "read0",
          "split_join0",
          "start0"
        ],
        "values": {
          "$stack": "({2: '(([2, 2], [-2147483648, 2147483647]), [4, 4], [-2147483648, 2147483647])'}, 0)",
          "p": "{Get_0(Get_0(0x00000002))}"
        }
      },
      {
        "trace:": [
          "assign0",
          "assume0",
          "assume3",
          "read0",
          "split_join0",
          "start0"
        ],
        "values": {
          "$stack": "({2: '(([-2147483648, 2147483647], [-2147483648, 2147483647]), [-2147483648, 2147483647], [-2147483648, 2147483647])'}, 0)",
          "p": "{Get_0(Get_0(0x00000002))}"
        }
      }
    ],
    "start0": [
      {
        "trace:": [
          "start0"
        ],
        "values": {
          "$stack": "({}, 0)",
          "p": "{[all-path]}"
        }
      }
    ]
  }
}