Program:
  x#1 = Input()
  C#2 = Input()
  A#3 = Input()
  B#4 = Input()
  split:
    assume(C#2)
    tmp0#5 = A#3
  |:
    assume(!(C#2))
    tmp0#5 = B#4
  x#1 = tmp0#5
  end:
