Program:
  x#1 = Input()
  C1#2 = Input()
  C2#3 = Input()
  A1#4 = Input()
  A2#5 = Input()
  A3#6 = Input()
  split:
    assume(C1#2)
    split:
      assume(C2#3)
      tmp1#7 = A1#4
    |:
      assume(!(C2#3))
      tmp1#7 = A2#5
    tmp0#8 = tmp1#7
  |:
    assume(!(C1#2))
    tmp0#8 = A3#6
  x#1 = tmp0#8
  end:
