{
  "always": {
    "assign0": [
      {
        "trace:": [
          "assign0",
          "start0"
        ],
        "values": {
          "x": "[0, 0]",
          "y": "[-1000, 1000]"
        }
      }
    ],
    "assign1": [
      {
        "trace:": [
          "assign0",
          "assign1",
          "start0"
        ],
        "values": {
          "x": "[0, 0]",
          "y": "[100, 100]"
        }
      }
    ],
    "assign2": [
      {
        "trace:": [
          "assign0",
          "assign1",
          "assign2",
          "assume0",
          "assume2",
          "loop_start0",
          "split_join0",
          "start0"
        ],
        "values": {
          "x": "[1, 100]",
          "y": "[100, 100]"
        }
      }
    ],
    "assume0": [
      {
        "trace:": [
          "assign0",
          "assign1",
          "assign2",
          "assume0",
          "assume2",
          "loop_start0",
          "split_join0",
          "start0"
        ],
        "values": {
          "x": "[0, 99]",
          "y": "[100, 100]"
        }
      }
    ],
    "assume1": [
      {
        "trace:": [
          "assign0",
          "assign1",
          "assign2",
          "assume0",
          "assume1",
          "assume2",
          "loop_start0",
          "split_join0",
          "start0"
        ],
        "values": {
          "x": "[50, 50]",
          "y": "[100, 100]"
        }
      }
    ],
    "assume2": [
      {
        "trace:": [
          "assign0",
          "assign1",
          "assign2",
          "assume0",
          "assume2",
          "loop_start0",
          "split_join0",
          "start0"
        ],
        "values": {
          "x": "[1, 100]",
          "y": "[100, 100]"
        }
      }
    ],
    "assume3": [
      {
        "trace:": [
          "assign0",
          "assign1",
          "assign2",
          "assume0",
          "assume2",
          "assume3",
          "loop_join0",
          "loop_start0",
          "split_join0",
          "start0"
        ],
        "values": {
          "x": "[100, 100]",
          "y": "[100, 100]"
        }
      }
    ],
    "loop_join0": [
      {
        "trace:": [
          "assign0",
          "assign1",
          "assign2",
          "assume0",
          "assume2",
          "loop_join0",
          "loop_start0",
          "split_join0",
          "start0"
        ],
        "values": {
          "x": "[0, 100]",
          "y": "[100, 100]"
        }
      }
    ],
    "loop_start0": [
      {
        "trace:": [
          "assign0",
          "assign1",
          "assign2",
          "assume0",
          "assume2",
          "loop_start0",
          "split_join0",
          "start0"
        ],
        "values": {
          "x": "[0, 100]",
          "y": "[100, 100]"
        }
      }
    ],
    "split_join0": [
      {
        "trace:": [
          "assign0",
          "assign1",
          "assign2",
          "assume0",
          "assume2",
          "loop_start0",
          "split_join0",
          "start0"
        ],
        "values": {
          "x": "[1, 100]",
          "y": "[100, 100]"
        }
      }
    ],
    "start0": [
      {
        "trace:": [
          "start0"
        ],
        "values": {
          "x": "[-1000, 1000]",
          "y": "[-1000, 1000]"
        }
      }
    ]
  },
  "le_t_eq_v": {
    "assign0": [
      {
        "trace:": [
          "assign0",
          "start0"
        ],
        "values": {
          "x": "[0, 0]",
          "y": "[-1000, 1000]"
        }
      }
    ],
    "assign1": [
      {
        "trace:": [
          "assign0",
          "assign1",
          "start0"
        ],
        "values": {
          "x": "[0, 0]",
          "y": "[100, 100]"
        }
      }
    ],
    "assign2": [
      {
        "trace:": [
          "assign0",
          "assign1",
          "assign2",
          "assume0",
          "assume2",
          "loop_start0",
          "split_join0",
          "start0"
        ],
        "values": {
          "x": "[1, 100]",
          "y": "[100, 100]"
        }
      }
    ],
    "assume0": [
      {
        "trace:": [
          "assign0",
          "assign1",
          "assign2",
          "assume0",
          "assume2",
          "loop_start0",
          "split_join0",
          "start0"
        ],
        "values": {
          "x": "[0, 99]",
          "y": "[100, 100]"
        }
      }
    ],
    "assume1": [
      {
        "trace:": [
          "assign0",
          "assign1",
          "assign2",
          "assume0",
          "assume1",
          "assume2",
          "loop_start0",
          "split_join0",
          "start0"
        ],
        "values": {
          "x": "[50, 50]",
          "y": "[100, 100]"
        }
      }
    ],
    "assume2": [
      {
        "trace:": [
          "assign0",
          "assign1",
          "assign2",
          "assume0",
          "assume2",
          "loop_start0",
          "split_join0",
          "start0"
        ],
        "values": {
          "x": "[1, 100]",
          "y": "[100, 100]"
        }
      }
    ],
    "assume3": [
      {
        "trace:": [
          "assign0",
          "assign1",
          "assign2",
          "assume0",
          "assume2",
          "assume3",
          "loop_join0",
          "loop_start0",
          "split_join0",
          "start0"
        ],
        "values": {
          "x": "[100, 100]",
          "y": "[100, 100]"
        }
      }
    ],
    "loop_join0": [
      {
        "trace:": [
          "assign0",
          "assign1",
          "assign2",
          "assume0",
          "assume2",
          "loop_join0",
          "loop_start0",
          "split_join0",
          "start0"
        ],
        "values": {
          "x": "[0, 100]",
          "y": "[100, 100]"
        }
      }
    ],
    "loop_start0": [
      {
        "trace:": [
          "assign0",
          "assign1",
          "assign2",
          "assume0",
          "assume2",
          "loop_start0",
          "split_join0",
          "start0"
        ],
        "values": {
          "x": "[0, 100]",
          "y": "[100, 100]"
        }
      }
    ],
    "split_join0": [
      {
        "trace:": [
          "assign0",
          "assign1",
          "assign2",
          "assume0",
          "assume2",
          "loop_start0",
          "split_join0",
          "start0"
        ],
        "values": {
          "x": "[1, 100]",
          "y": "[100, 100]"
        }
      }
    ],
    "start0": [
      {
        "trace:": [
          "start0"
        ],
        "values": {
          "x": "[-1000, 1000]",
          "y": "[-1000, 1000]"
        }
      }
    ]
  }
}