Program:
  $stack#1 = Updated($stack#1, P_ptr#2, Subp_<SubpBody ["G"] test.adb:5:4-8:10>(X_ptr#3))
  end:
