Program:
  x#1 = Input()
  C1#2 = Input()
  C2#3 = Input()
  C3#4 = Input()
  split:
    assume(C1#2)
    x#1 = 1
  |:
    assume(!(C1#2))
    split:
      assume(C2#3)
      x#1 = 2
    |:
      assume(!(C2#3))
      split:
        assume(C3#4)
        x#1 = 3
      |:
        assume(!(C3#4))
        x#1 = 4
  end:
