{
  "always": {
    "assign0": [
      {
        "trace:": [
          "assign0", 
          "start0"
        ], 
        "values": {
          "X": "{([-2147483648, 2147483647]): [0, 255]}"
        }
      }
    ], 
    "assign1": [
      {
        "trace:": [
          "assign0", 
          "assign1", 
          "start0"
        ], 
        "values": {
          "X": "{([-2147483648, 0]): [0, 255], ([1, 1]): [97, 97], ([2, 2]): [98, 98], ([3, 3]): [99, 99], ([4, 4]): [100, 100], ([5, 2147483647]): [0, 255]}"
        }
      }
    ],
    "start0": [
      {
        "trace:": [
          "start0"
        ],
        "values": {
          "X": "{([-2147483648, 2147483647]): [0, 255]}"
        }
      }
    ]
  },
  "le_t_eq_v": {
    "assign0": [
      {
        "trace:": [
          "assign0",
          "start0"
        ],
        "values": {
          "X": "{([-2147483648, 2147483647]): [0, 255]}"
        }
      }
    ],
    "assign1": [
      {
        "trace:": [
          "assign0",
          "assign1",
          "start0"
        ],
        "values": {
          "X": "{([-2147483648, 0]): [0, 255], ([1, 1]): [97, 97], ([2, 2]): [98, 98], ([3, 3]): [99, 99], ([4, 4]): [100, 100], ([5, 2147483647]): [0, 255]}"
        }
      }
    ], 
    "start0": [
      {
        "trace:": [
          "start0"
        ], 
        "values": {
          "X": "{([-2147483648, 2147483647]): [0, 255]}"
        }
      }
    ]
  }
}