Program:
  P#1 = Input()
  R#2 = <SubpBody ["Get_E"] 11:7-14:17>(P#1)
  end:
