{
  "always": [
    {
      "precise": true,
      "trace": [
        "assign0",
        "assign1",
        "assume0",
        "assume1",
        "read0",
        "start0"
      ]
    }
  ],
  "le_t_eq_v": [
    {
      "precise": true,
      "trace": [
        "assign0",
        "assign1",
        "assume0",
        "assume1",
        "read0",
        "start0"
      ]
    }
  ]
}