Program:
  R#1 = <SubpBody ["F"] test.adb:2:4-5:10>(0)
  end:
