Program:
  x#1 = Input()
  $stack#2 = Updated_2($stack#2, 0)
  b#3 = Input()
  split:
    assume(b#3)
    x#1 = Var_2($stack#2)
  |:
    assume(!(b#3))
    x#1 = null
  split:
    assume(==(x#1, null))
    $stack#2 = Updated_2($stack#2, 2)
  |:
    assume(!(==(x#1, null)))
    assume(!=(x#1, null))
    $stack#2 = Updated_2($stack#2, *(x#1, $stack#2))
  end:
