Program:
  r#1 = Input()
  z#2 = False
  split:
    assume(&&(&&(&&(==(Get_0(Get_0(r#1)), 2), ==(Get_1(Get_0(r#1)), 3)), ==(Get_0(Get_1(r#1)), 12)), ==(Get_1(Get_1(r#1)), 8)))
    z#2 = True
  |:
    assume(!(&&(&&(&&(==(Get_0(Get_0(r#1)), 2), ==(Get_1(Get_0(r#1)), 3)), ==(Get_0(Get_1(r#1)), 12)), ==(Get_1(Get_1(r#1)), 8))))
  end:
