{
  "always": [
    "assign1"
  ], 
  "le_t_eq_v": [
    "assign1"
  ]
}
