{
  "always": {
    "assign0": [
      {
        "trace:": [
          "assign0", 
          "start0"
        ], 
        "values": {
          "x": "[-2147483648, 2147483647]", 
          "y": "[-2147483648, 2147483647]"
        }
      }
    ], 
    "assign1": [
      {
        "trace:": [
          "assign0", 
          "assign1", 
          "start0"
        ], 
        "values": {
          "x": "[-2147483648, 2147483647]", 
          "y": "[-2147483648, 2147483647]"
        }
      }
    ], 
    "assign2": [
      {
        "trace:": [
          "assign0", 
          "assign1", 
          "assign2", 
          "assume0", 
          "start0"
        ], 
        "values": {
          "x": "[-2147483648, 2147483647]", 
          "y": "[-2147483648, 2147483647]"
        }
      }
    ], 
    "assign3": [
      {
        "trace:": [
          "assign0", 
          "assign1", 
          "assign3", 
          "assume1", 
          "start0"
        ], 
        "values": {
          "x": "[314, 314]", 
          "y": "[-2147483648, 2147483647]"
        }
      }
    ], 
    "assign4": [
      {
        "trace:": [
          "assign0", 
          "assign1", 
          "assign4", 
          "assume2", 
          "start0"
        ], 
        "values": {
          "x": "[-2147483648, 2147483647]", 
          "y": "[-2147483648, 2147483647]"
        }
      }
    ], 
    "assign5": [
      {
        "trace:": [
          "assign0", 
          "assign1", 
          "assign2", 
          "assign3", 
          "assign4", 
          "assign5", 
          "assume0", 
          "assume1", 
          "assume2", 
          "split_join0", 
          "start0"
        ], 
        "values": {
          "x": "[-2147483648, 2147483647]", 
          "y": "[-2147483648, 2147483647]"
        }
      }
    ], 
    "assume0": [
      {
        "trace:": [
          "assign0", 
          "assign1", 
          "assume0", 
          "start0"
        ], 
        "values": {
          "x": "[-2147483648, 2147483647]", 
          "y": "[-2147483648, 2147483647]"
        }
      }
    ], 
    "assume1": [
      {
        "trace:": [
          "assign0", 
          "assign1", 
          "assume1", 
          "start0"
        ], 
        "values": {
          "x": "[314, 314]", 
          "y": "[-2147483648, 2147483647]"
        }
      }
    ], 
    "assume2": [
      {
        "trace:": [
          "assign0", 
          "assign1", 
          "assume2", 
          "start0"
        ], 
        "values": {
          "x": "[-2147483648, 2147483647]", 
          "y": "[-2147483648, 2147483647]"
        }
      }
    ], 
    "split_join0": [
      {
        "trace:": [
          "assign0", 
          "assign1", 
          "assign2", 
          "assign3", 
          "assign4", 
          "assume0", 
          "assume1", 
          "assume2", 
          "split_join0", 
          "start0"
        ], 
        "values": {
          "x": "[-2147483648, 2147483647]", 
          "y": "[-2147483648, 2147483647]"
        }
      }
    ], 
    "start0": [
      {
        "trace:": [
          "start0"
        ], 
        "values": {
          "x": "[-2147483648, 2147483647]", 
          "y": "[-2147483648, 2147483647]"
        }
      }
    ]
  }, 
  "le_t_eq_v": {
    "assign0": [
      {
        "trace:": [
          "assign0", 
          "start0"
        ], 
        "values": {
          "x": "[-2147483648, 2147483647]", 
          "y": "[-2147483648, 2147483647]"
        }
      }
    ], 
    "assign1": [
      {
        "trace:": [
          "assign0", 
          "assign1", 
          "start0"
        ], 
        "values": {
          "x": "[-2147483648, 2147483647]", 
          "y": "[-2147483648, 2147483647]"
        }
      }
    ], 
    "assign2": [
      {
        "trace:": [
          "assign0", 
          "assign1", 
          "assign2", 
          "assume0", 
          "start0"
        ], 
        "values": {
          "x": "[-2147483648, 2147483647]", 
          "y": "[-2147483648, 2147483647]"
        }
      }
    ], 
    "assign3": [
      {
        "trace:": [
          "assign0", 
          "assign1", 
          "assign3", 
          "assume1", 
          "start0"
        ], 
        "values": {
          "x": "[314, 314]", 
          "y": "[-2147483648, 2147483647]"
        }
      }
    ], 
    "assign4": [
      {
        "trace:": [
          "assign0", 
          "assign1", 
          "assign4", 
          "assume2", 
          "start0"
        ], 
        "values": {
          "x": "[-2147483648, 2147483647]", 
          "y": "[-2147483648, 2147483647]"
        }
      }
    ], 
    "assign5": [
      {
        "trace:": [
          "assign0", 
          "assign1", 
          "assign2", 
          "assign5", 
          "assume0", 
          "split_join0", 
          "start0"
        ], 
        "values": {
          "x": "[-2147483648, 2147483647]", 
          "y": "[42, 42]"
        }
      }, 
      {
        "trace:": [
          "assign0", 
          "assign1", 
          "assign3", 
          "assign5", 
          "assume1", 
          "split_join0", 
          "start0"
        ], 
        "values": {
          "x": "[314, 314]", 
          "y": "[1592, 1592]"
        }
      }, 
      {
        "trace:": [
          "assign0", 
          "assign1", 
          "assign4", 
          "assign5", 
          "assume2", 
          "split_join0", 
          "start0"
        ], 
        "values": {
          "x": "[-2147483648, 2147483647]", 
          "y": "[-2147483648, 2147483647]"
        }
      }
    ], 
    "assume0": [
      {
        "trace:": [
          "assign0", 
          "assign1", 
          "assume0", 
          "start0"
        ], 
        "values": {
          "x": "[-2147483648, 2147483647]", 
          "y": "[-2147483648, 2147483647]"
        }
      }
    ], 
    "assume1": [
      {
        "trace:": [
          "assign0", 
          "assign1", 
          "assume1", 
          "start0"
        ], 
        "values": {
          "x": "[314, 314]", 
          "y": "[-2147483648, 2147483647]"
        }
      }
    ], 
    "assume2": [
      {
        "trace:": [
          "assign0", 
          "assign1", 
          "assume2", 
          "start0"
        ], 
        "values": {
          "x": "[-2147483648, 2147483647]", 
          "y": "[-2147483648, 2147483647]"
        }
      }
    ], 
    "split_join0": [
      {
        "trace:": [
          "assign0", 
          "assign1", 
          "assign2", 
          "assume0", 
          "split_join0", 
          "start0"
        ], 
        "values": {
          "x": "[-2147483648, 2147483647]", 
          "y": "[-2147483648, 2147483647]"
        }
      }, 
      {
        "trace:": [
          "assign0", 
          "assign1", 
          "assign3", 
          "assume1", 
          "split_join0", 
          "start0"
        ], 
        "values": {
          "x": "[314, 314]", 
          "y": "[-2147483648, 2147483647]"
        }
      }, 
      {
        "trace:": [
          "assign0", 
          "assign1", 
          "assign4", 
          "assume2", 
          "split_join0", 
          "start0"
        ], 
        "values": {
          "x": "[-2147483648, 2147483647]", 
          "y": "[-2147483648, 2147483647]"
        }
      }
    ], 
    "start0": [
      {
        "trace:": [
          "start0"
        ], 
        "values": {
          "x": "[-2147483648, 2147483647]", 
          "y": "[-2147483648, 2147483647]"
        }
      }
    ]
  }
}
