{
  "always": {
    "assign0": [
      {
        "trace:": [
          "assign0",
          "start0"
        ],
        "values": {
          "from": "(0, 0)",
          "step": "(-2147483648, 2147483647)",
          "tmp": "(-2147483648, 2147483647)",
          "to": "(-2147483648, 2147483647)"
        }
      }
    ],
    "assign1": [
      {
        "trace:": [
          "assign0",
          "assign1",
          "start0"
        ],
        "values": {
          "from": "(0, 0)",
          "step": "(-2147483648, 2147483647)",
          "tmp": "(-2147483648, 2147483647)",
          "to": "(100, 100)"
        }
      }
    ],
    "assign2": [
      {
        "trace:": [
          "assign0",
          "assign1",
          "assign2",
          "start0"
        ],
        "values": {
          "from": "(0, 0)",
          "step": "(2, 2)",
          "tmp": "(-2147483648, 2147483647)",
          "to": "(100, 100)"
        }
      }
    ],
    "assign3": [
      {
        "trace:": [
          "assign0",
          "assign1",
          "assign2",
          "assign3",
          "assign4",
          "assign5",
          "assume0",
          "assume1",
          "assume3",
          "assume4",
          "loop_join0",
          "loop_start0",
          "loop_start1",
          "read0",
          "split_join0",
          "start0"
        ],
        "values": {
          "from": "(-2147483648, 99)",
          "step": "(2, 2)",
          "tmp": "(2, 2)",
          "to": "(100, 100)"
        }
      }
    ],
    "assign4": [
      {
        "trace:": [
          "assign0",
          "assign1",
          "assign2",
          "assign3",
          "assign4",
          "assign5",
          "assume0",
          "assume1",
          "assume3",
          "assume4",
          "loop_join0",
          "loop_start0",
          "loop_start1",
          "read0",
          "split_join0",
          "start0"
        ],
        "values": {
          "from": "(-2147483647, 100)",
          "step": "(2, 2)",
          "tmp": "(1, 2)",
          "to": "(100, 100)"
        }
      }
    ],
    "assign5": [
      {
        "trace:": [
          "assign0",
          "assign1",
          "assign2",
          "assign3",
          "assign4",
          "assign5",
          "assume0",
          "assume1",
          "assume3",
          "assume4",
          "loop_join0",
          "loop_start0",
          "loop_start1",
          "read0",
          "split_join0",
          "start0"
        ],
        "values": {
          "from": "(-2147483647, 99)",
          "step": "(2, 2)",
          "tmp": "(0, 1)",
          "to": "(100, 100)"
        }
      }
    ],
    "assume0": [
      {
        "trace:": [
          "assign0",
          "assign1",
          "assign2",
          "assign3",
          "assign4",
          "assign5",
          "assume0",
          "assume1",
          "assume3",
          "assume4",
          "loop_join0",
          "loop_start0",
          "loop_start1",
          "read0",
          "split_join0",
          "start0"
        ],
        "values": {
          "from": "(-2147483648, 99)",
          "step": "(2, 2)",
          "tmp": "(-2147483648, 2147483647)",
          "to": "(100, 100)"
        }
      }
    ],
    "assume1": [
      {
        "trace:": [
          "assign0",
          "assign1",
          "assign2",
          "assign3",
          "assign4",
          "assign5",
          "assume0",
          "assume1",
          "assume3",
          "assume4",
          "loop_join0",
          "loop_start0",
          "loop_start1",
          "read0",
          "split_join0",
          "start0"
        ],
        "values": {
          "from": "(-2147483648, 99)",
          "step": "(2, 2)",
          "tmp": "(1, 2)",
          "to": "(100, 100)"
        }
      }
    ],
    "assume2": [
      {
        "trace:": [
          "assign0",
          "assign1",
          "assign2",
          "assign3",
          "assign4",
          "assign5",
          "assume0",
          "assume1",
          "assume2",
          "assume3",
          "assume4",
          "loop_join0",
          "loop_start0",
          "loop_start1",
          "read0",
          "split_join0",
          "start0"
        ],
        "values": {
          "from": "(100, 100)",
          "step": "(2, 2)",
          "tmp": "(1, 2)",
          "to": "(100, 100)"
        }
      }
    ],
    "assume3": [
      {
        "trace:": [
          "assign0",
          "assign1",
          "assign2",
          "assign3",
          "assign4",
          "assign5",
          "assume0",
          "assume1",
          "assume3",
          "assume4",
          "loop_join0",
          "loop_start0",
          "loop_start1",
          "read0",
          "split_join0",
          "start0"
        ],
        "values": {
          "from": "(-2147483647, 99)",
          "step": "(2, 2)",
          "tmp": "(1, 2)",
          "to": "(100, 100)"
        }
      }
    ],
    "assume4": [
      {
        "trace:": [
          "assign0",
          "assign1",
          "assign2",
          "assign3",
          "assign4",
          "assign5",
          "assume0",
          "assume1",
          "assume3",
          "assume4",
          "loop_join0",
          "loop_start0",
          "loop_start1",
          "read0",
          "split_join0",
          "start0"
        ],
        "values": {
          "from": "(-2147483648, 99)",
          "step": "(2, 2)",
          "tmp": "(0, 0)",
          "to": "(100, 100)"
        }
      }
    ],
    "assume5": [],
    "loop_join0": [
      {
        "trace:": [
          "assign0",
          "assign1",
          "assign2",
          "assign3",
          "assign4",
          "assign5",
          "assume0",
          "assume1",
          "assume3",
          "assume4",
          "loop_join0",
          "loop_start0",
          "loop_start1",
          "read0",
          "split_join0",
          "start0"
        ],
        "values": {
          "from": "(-2147483648, 99)",
          "step": "(2, 2)",
          "tmp": "(0, 2)",
          "to": "(100, 100)"
        }
      }
    ],
    "loop_join1": [
      {
        "trace:": [
          "assign0",
          "assign1",
          "assign2",
          "assign3",
          "assign4",
          "assign5",
          "assume0",
          "assume1",
          "assume3",
          "assume4",
          "loop_join0",
          "loop_join1",
          "loop_start0",
          "loop_start1",
          "read0",
          "split_join0",
          "start0"
        ],
        "values": {
          "from": "(-2147483648, 99)",
          "step": "(2, 2)",
          "tmp": "(-2147483648, 2147483647)",
          "to": "(100, 100)"
        }
      }
    ],
    "loop_start0": [
      {
        "trace:": [
          "assign0",
          "assign1",
          "assign2",
          "assign3",
          "assign4",
          "assign5",
          "assume0",
          "assume1",
          "assume3",
          "assume4",
          "loop_join0",
          "loop_start0",
          "loop_start1",
          "read0",
          "split_join0",
          "start0"
        ],
        "values": {
          "from": "(-2147483648, 99)",
          "step": "(2, 2)",
          "tmp": "(-2147483648, 2147483647)",
          "to": "(100, 100)"
        }
      }
    ],
    "loop_start1": [
      {
        "trace:": [
          "assign0",
          "assign1",
          "assign2",
          "assign3",
          "assign4",
          "assign5",
          "assume0",
          "assume1",
          "assume3",
          "assume4",
          "loop_join0",
          "loop_start0",
          "loop_start1",
          "read0",
          "split_join0",
          "start0"
        ],
        "values": {
          "from": "(-2147483648, 99)",
          "step": "(2, 2)",
          "tmp": "(0, 2)",
          "to": "(100, 100)"
        }
      }
    ],
    "read0": [
      {
        "trace:": [
          "assign0",
          "assign1",
          "assign2",
          "read0",
          "start0"
        ],
        "values": {
          "from": "(0, 0)",
          "step": "(2, 2)",
          "tmp": "(-2147483648, 2147483647)",
          "to": "(100, 100)"
        }
      }
    ],
    "split_join0": [
      {
        "trace:": [
          "assign0",
          "assign1",
          "assign2",
          "assign3",
          "assign4",
          "assign5",
          "assume0",
          "assume1",
          "assume3",
          "assume4",
          "loop_join0",
          "loop_start0",
          "loop_start1",
          "read0",
          "split_join0",
          "start0"
        ],
        "values": {
          "from": "(-2147483647, 99)",
          "step": "(2, 2)",
          "tmp": "(1, 2)",
          "to": "(100, 100)"
        }
      }
    ],
    "start0": [
      {
        "trace:": [
          "start0"
        ],
        "values": {
          "from": "(-2147483648, 2147483647)",
          "step": "(-2147483648, 2147483647)",
          "tmp": "(-2147483648, 2147483647)",
          "to": "(-2147483648, 2147483647)"
        }
      }
    ]
  },
  "le_t_eq_v": {
    "assign0": [
      {
        "trace:": [
          "assign0",
          "start0"
        ],
        "values": {
          "from": "(0, 0)",
          "step": "(-2147483648, 2147483647)",
          "tmp": "(-2147483648, 2147483647)",
          "to": "(-2147483648, 2147483647)"
        }
      }
    ],
    "assign1": [
      {
        "trace:": [
          "assign0",
          "assign1",
          "start0"
        ],
        "values": {
          "from": "(0, 0)",
          "step": "(-2147483648, 2147483647)",
          "tmp": "(-2147483648, 2147483647)",
          "to": "(100, 100)"
        }
      }
    ],
    "assign2": [
      {
        "trace:": [
          "assign0",
          "assign1",
          "assign2",
          "start0"
        ],
        "values": {
          "from": "(0, 0)",
          "step": "(2, 2)",
          "tmp": "(-2147483648, 2147483647)",
          "to": "(100, 100)"
        }
      }
    ],
    "assign3": [
      {
        "trace:": [
          "assign0",
          "assign1",
          "assign2",
          "assign3",
          "assign4",
          "assign5",
          "assume0",
          "assume1",
          "assume3",
          "assume4",
          "loop_join0",
          "loop_start0",
          "loop_start1",
          "read0",
          "split_join0",
          "start0"
        ],
        "values": {
          "from": "(-2147483648, 99)",
          "step": "(2, 2)",
          "tmp": "(2, 2)",
          "to": "(100, 100)"
        }
      }
    ],
    "assign4": [
      {
        "trace:": [
          "assign0",
          "assign1",
          "assign2",
          "assign3",
          "assign4",
          "assign5",
          "assume0",
          "assume1",
          "assume3",
          "assume4",
          "loop_join0",
          "loop_start0",
          "loop_start1",
          "read0",
          "split_join0",
          "start0"
        ],
        "values": {
          "from": "(-2147483647, 100)",
          "step": "(2, 2)",
          "tmp": "(1, 2)",
          "to": "(100, 100)"
        }
      }
    ],
    "assign5": [
      {
        "trace:": [
          "assign0",
          "assign1",
          "assign2",
          "assign3",
          "assign4",
          "assign5",
          "assume0",
          "assume1",
          "assume3",
          "assume4",
          "loop_join0",
          "loop_start0",
          "loop_start1",
          "read0",
          "split_join0",
          "start0"
        ],
        "values": {
          "from": "(-2147483647, 99)",
          "step": "(2, 2)",
          "tmp": "(0, 1)",
          "to": "(100, 100)"
        }
      }
    ],
    "assume0": [
      {
        "trace:": [
          "assign0",
          "assign1",
          "assign2",
          "assign3",
          "assign4",
          "assign5",
          "assume0",
          "assume1",
          "assume3",
          "assume4",
          "loop_join0",
          "loop_start0",
          "loop_start1",
          "read0",
          "split_join0",
          "start0"
        ],
        "values": {
          "from": "(-2147483648, 99)",
          "step": "(2, 2)",
          "tmp": "(-2147483648, 2147483647)",
          "to": "(100, 100)"
        }
      }
    ],
    "assume1": [
      {
        "trace:": [
          "assign0",
          "assign1",
          "assign2",
          "assign3",
          "assign4",
          "assign5",
          "assume0",
          "assume1",
          "assume3",
          "assume4",
          "loop_join0",
          "loop_start0",
          "loop_start1",
          "read0",
          "split_join0",
          "start0"
        ],
        "values": {
          "from": "(-2147483648, 99)",
          "step": "(2, 2)",
          "tmp": "(1, 2)",
          "to": "(100, 100)"
        }
      }
    ],
    "assume2": [
      {
        "trace:": [
          "assign0",
          "assign1",
          "assign2",
          "assign3",
          "assign4",
          "assign5",
          "assume0",
          "assume1",
          "assume2",
          "assume3",
          "assume4",
          "loop_join0",
          "loop_start0",
          "loop_start1",
          "read0",
          "split_join0",
          "start0"
        ],
        "values": {
          "from": "(100, 100)",
          "step": "(2, 2)",
          "tmp": "(1, 2)",
          "to": "(100, 100)"
        }
      }
    ],
    "assume3": [
      {
        "trace:": [
          "assign0",
          "assign1",
          "assign2",
          "assign3",
          "assign4",
          "assign5",
          "assume0",
          "assume1",
          "assume3",
          "assume4",
          "loop_join0",
          "loop_start0",
          "loop_start1",
          "read0",
          "split_join0",
          "start0"
        ],
        "values": {
          "from": "(-2147483647, 99)",
          "step": "(2, 2)",
          "tmp": "(1, 2)",
          "to": "(100, 100)"
        }
      }
    ],
    "assume4": [
      {
        "trace:": [
          "assign0",
          "assign1",
          "assign2",
          "assign3",
          "assign4",
          "assign5",
          "assume0",
          "assume1",
          "assume3",
          "assume4",
          "loop_join0",
          "loop_start0",
          "loop_start1",
          "read0",
          "split_join0",
          "start0"
        ],
        "values": {
          "from": "(-2147483648, 99)",
          "step": "(2, 2)",
          "tmp": "(0, 0)",
          "to": "(100, 100)"
        }
      }
    ],
    "assume5": [],
    "loop_join0": [
      {
        "trace:": [
          "assign0",
          "assign1",
          "assign2",
          "assign3",
          "assign4",
          "assign5",
          "assume0",
          "assume1",
          "assume3",
          "assume4",
          "loop_join0",
          "loop_start0",
          "loop_start1",
          "read0",
          "split_join0",
          "start0"
        ],
        "values": {
          "from": "(-2147483648, 99)",
          "step": "(2, 2)",
          "tmp": "(0, 2)",
          "to": "(100, 100)"
        }
      }
    ],
    "loop_join1": [
      {
        "trace:": [
          "assign0",
          "assign1",
          "assign2",
          "assign3",
          "assign4",
          "assign5",
          "assume0",
          "assume1",
          "assume3",
          "assume4",
          "loop_join0",
          "loop_join1",
          "loop_start0",
          "loop_start1",
          "read0",
          "split_join0",
          "start0"
        ],
        "values": {
          "from": "(-2147483648, 99)",
          "step": "(2, 2)",
          "tmp": "(-2147483648, 2147483647)",
          "to": "(100, 100)"
        }
      }
    ],
    "loop_start0": [
      {
        "trace:": [
          "assign0",
          "assign1",
          "assign2",
          "assign3",
          "assign4",
          "assign5",
          "assume0",
          "assume1",
          "assume3",
          "assume4",
          "loop_join0",
          "loop_start0",
          "loop_start1",
          "read0",
          "split_join0",
          "start0"
        ],
        "values": {
          "from": "(-2147483648, 99)",
          "step": "(2, 2)",
          "tmp": "(-2147483648, 2147483647)",
          "to": "(100, 100)"
        }
      }
    ],
    "loop_start1": [
      {
        "trace:": [
          "assign0",
          "assign1",
          "assign2",
          "assign3",
          "assign4",
          "assign5",
          "assume0",
          "assume1",
          "assume3",
          "assume4",
          "loop_join0",
          "loop_start0",
          "loop_start1",
          "read0",
          "split_join0",
          "start0"
        ],
        "values": {
          "from": "(-2147483648, 99)",
          "step": "(2, 2)",
          "tmp": "(0, 2)",
          "to": "(100, 100)"
        }
      }
    ],
    "read0": [
      {
        "trace:": [
          "assign0",
          "assign1",
          "assign2",
          "read0",
          "start0"
        ],
        "values": {
          "from": "(0, 0)",
          "step": "(2, 2)",
          "tmp": "(-2147483648, 2147483647)",
          "to": "(100, 100)"
        }
      }
    ],
    "split_join0": [
      {
        "trace:": [
          "assign0",
          "assign1",
          "assign2",
          "assign3",
          "assign4",
          "assign5",
          "assume0",
          "assume1",
          "assume3",
          "assume4",
          "loop_join0",
          "loop_start0",
          "loop_start1",
          "read0",
          "split_join0",
          "start0"
        ],
        "values": {
          "from": "(-2147483647, 99)",
          "step": "(2, 2)",
          "tmp": "(1, 2)",
          "to": "(100, 100)"
        }
      }
    ],
    "start0": [
      {
        "trace:": [
          "start0"
        ],
        "values": {
          "from": "(-2147483648, 2147483647)",
          "step": "(-2147483648, 2147483647)",
          "tmp": "(-2147483648, 2147483647)",
          "to": "(-2147483648, 2147483647)"
        }
      }
    ]
  }
}