{
  "always": {
    "assign0": [
      {
        "trace:": [
          "assign0", 
          "start0"
        ], 
        "values": {
          "i": "[-2147483648, 2147483647]", 
          "r": "(([-2147483648, 2147483647], [-2147483648, 2147483647]), ([-2147483648, 2147483647], [-2147483648, 2147483647]))"
        }
      }
    ], 
    "assign1": [
      {
        "trace:": [
          "assign0", 
          "assign1", 
          "start0"
        ], 
        "values": {
          "i": "[12, 12]", 
          "r": "(([-2147483648, 2147483647], [-2147483648, 2147483647]), ([-2147483648, 2147483647], [-2147483648, 2147483647]))"
        }
      }
    ], 
    "assign2": [
      {
        "trace:": [
          "assign0", 
          "assign1", 
          "assign2", 
          "start0"
        ], 
        "values": {
          "i": "[12, 12]", 
          "r": "(([12, 12], [-2147483648, 2147483647]), ([-2147483648, 2147483647], [-2147483648, 2147483647]))"
        }
      }
    ], 
    "assign3": [
      {
        "trace:": [
          "assign0", 
          "assign1", 
          "assign2", 
          "assign3", 
          "start0"
        ], 
        "values": {
          "i": "[12, 12]", 
          "r": "(([12, 12], [10, 10]), ([-2147483648, 2147483647], [-2147483648, 2147483647]))"
        }
      }
    ], 
    "assign4": [
      {
        "trace:": [
          "assign0", 
          "assign1", 
          "assign2", 
          "assign3", 
          "assign4", 
          "start0"
        ], 
        "values": {
          "i": "[12, 12]", 
          "r": "(([12, 12], [10, 10]), ([17, 17], [-2147483648, 2147483647]))"
        }
      }
    ], 
    "assign5": [
      {
        "trace:": [
          "assign0", 
          "assign1", 
          "assign2", 
          "assign3", 
          "assign4", 
          "assign5", 
          "start0"
        ], 
        "values": {
          "i": "[12, 12]", 
          "r": "(([12, 12], [10, 10]), ([17, 17], [22, 22]))"
        }
      }
    ], 
    "start0": [
      {
        "trace:": [
          "start0"
        ], 
        "values": {
          "i": "[-2147483648, 2147483647]", 
          "r": "(([-2147483648, 2147483647], [-2147483648, 2147483647]), ([-2147483648, 2147483647], [-2147483648, 2147483647]))"
        }
      }
    ]
  }, 
  "le_t_eq_v": {
    "assign0": [
      {
        "trace:": [
          "assign0", 
          "start0"
        ], 
        "values": {
          "i": "[-2147483648, 2147483647]", 
          "r": "(([-2147483648, 2147483647], [-2147483648, 2147483647]), ([-2147483648, 2147483647], [-2147483648, 2147483647]))"
        }
      }
    ], 
    "assign1": [
      {
        "trace:": [
          "assign0", 
          "assign1", 
          "start0"
        ], 
        "values": {
          "i": "[12, 12]", 
          "r": "(([-2147483648, 2147483647], [-2147483648, 2147483647]), ([-2147483648, 2147483647], [-2147483648, 2147483647]))"
        }
      }
    ], 
    "assign2": [
      {
        "trace:": [
          "assign0", 
          "assign1", 
          "assign2", 
          "start0"
        ], 
        "values": {
          "i": "[12, 12]", 
          "r": "(([12, 12], [-2147483648, 2147483647]), ([-2147483648, 2147483647], [-2147483648, 2147483647]))"
        }
      }
    ], 
    "assign3": [
      {
        "trace:": [
          "assign0", 
          "assign1", 
          "assign2", 
          "assign3", 
          "start0"
        ], 
        "values": {
          "i": "[12, 12]", 
          "r": "(([12, 12], [10, 10]), ([-2147483648, 2147483647], [-2147483648, 2147483647]))"
        }
      }
    ], 
    "assign4": [
      {
        "trace:": [
          "assign0", 
          "assign1", 
          "assign2", 
          "assign3", 
          "assign4", 
          "start0"
        ], 
        "values": {
          "i": "[12, 12]", 
          "r": "(([12, 12], [10, 10]), ([17, 17], [-2147483648, 2147483647]))"
        }
      }
    ], 
    "assign5": [
      {
        "trace:": [
          "assign0", 
          "assign1", 
          "assign2", 
          "assign3", 
          "assign4", 
          "assign5", 
          "start0"
        ], 
        "values": {
          "i": "[12, 12]", 
          "r": "(([12, 12], [10, 10]), ([17, 17], [22, 22]))"
        }
      }
    ], 
    "start0": [
      {
        "trace:": [
          "start0"
        ], 
        "values": {
          "i": "[-2147483648, 2147483647]", 
          "r": "(([-2147483648, 2147483647], [-2147483648, 2147483647]), ([-2147483648, 2147483647], [-2147483648, 2147483647]))"
        }
      }
    ]
  }
}
