Program:
  tmp0#1 = Updated_2(Updated_1(Updated_0(tmp0#1, 2), 3), 12)
  p#2 = tmp0#1
  assume(<(Get_0(p#2), 50))
  p#2 = Updated_1(p#2, <SubpDecl ["F"] 8:4-9:26>(Get_0(p#2)))
  end: