Program:
  x#1 = Input()
  y#2 = Input()
  split:
    assume(==(x#1, 42))
    y#2 = 43
  |:
    assume(!(==(x#1, 42)))
    y#2 = x#1
  end:
