{
  "always": {
    "assign0": [
      {
        "trace:": [
          "assign0",
          "read0",
          "start0"
        ],
        "values": {
          "$stack": "({}, 0)",
          "p": "([-2147483648, 2147483647], [-2147483648, 2147483647])",
          "r": "({[all-path]}, {[all-path]})"
        }
      }
    ],
    "assign1": [
      {
        "trace:": [
          "assign0",
          "assign1",
          "read0",
          "start0"
        ],
        "values": {
          "$stack": "({}, 0)",
          "p": "([-2147483648, 2147483647], [-2147483648, 2147483647])",
          "r": "({0x00000001}, {0x00000001})"
        }
      }
    ],
    "assign2": [
      {
        "trace:": [
          "assign0",
          "assign1",
          "assign2",
          "assume0",
          "assume1",
          "assume2",
          "read0",
          "start0"
        ],
        "values": {
          "$stack": "({1: '([1, 1], [2, 2])'}, 0)",
          "p": "([-2147483648, 2147483647], [-2147483648, 2147483647])",
          "r": "({0x00000001}, {0x00000001})"
        }
      }
    ],
    "assign3": [
      {
        "trace:": [
          "assign0",
          "assign1",
          "assign3",
          "assume0",
          "assume3",
          "read0",
          "start0"
        ],
        "values": {
          "$stack": "({1: '([-2147483648, 2147483647], [-2147483648, 2147483647])'}, 0)",
          "p": "([-2147483648, 2147483647], [-2147483648, 2147483647])",
          "r": "({0x00000001}, {0x00000001})"
        }
      }
    ],
    "assign4": [
      {
        "trace:": [
          "assign0",
          "assign1",
          "assign3",
          "assign4",
          "assume0",
          "assume3",
          "read0",
          "start0"
        ],
        "values": {
          "$stack": "({1: '([1, 1], [2, 2])'}, 0)",
          "p": "([-2147483648, 2147483647], [-2147483648, 2147483647])",
          "r": "({0x00000001}, {0x00000001})"
        }
      }
    ],
    "assume0": [
      {
        "trace:": [
          "assign0",
          "assign1",
          "assume0",
          "read0",
          "start0"
        ],
        "values": {
          "$stack": "({}, 0)",
          "p": "([-2147483648, 2147483647], [-2147483648, 2147483647])",
          "r": "({0x00000001}, {0x00000001})"
        }
      }
    ],
    "assume1": [
      {
        "trace:": [
          "assign0",
          "assign1",
          "assume0",
          "assume1",
          "read0",
          "start0"
        ],
        "values": {
          "$stack": "({1: '([1, 1], [-2147483648, 2147483647])'}, 0)",
          "p": "([-2147483648, 2147483647], [-2147483648, 2147483647])",
          "r": "({0x00000001}, {0x00000001})"
        }
      }
    ],
    "assume2": [
      {
        "trace:": [
          "assign0",
          "assign1",
          "assume0",
          "assume1",
          "assume2",
          "read0",
          "start0"
        ],
        "values": {
          "$stack": "({1: '([1, 1], [-2147483648, 2147483647])'}, 0)",
          "p": "([-2147483648, 2147483647], [-2147483648, 2147483647])",
          "r": "({0x00000001}, {0x00000001})"
        }
      }
    ],
    "assume3": [
      {
        "trace:": [
          "assign0",
          "assign1",
          "assume0",
          "assume3",
          "read0",
          "start0"
        ],
        "values": {
          "$stack": "({1: '([-2147483648, 2147483647], [-2147483648, 2147483647])'}, 0)",
          "p": "([-2147483648, 2147483647], [-2147483648, 2147483647])",
          "r": "({0x00000001}, {0x00000001})"
        }
      }
    ],
    "read0": [
      {
        "trace:": [
          "read0",
          "start0"
        ],
        "values": {
          "$stack": "({}, 0)",
          "p": "([-2147483648, 2147483647], [-2147483648, 2147483647])",
          "r": "({[all-path]}, {[all-path]})"
        }
      }
    ],
    "split_join0": [
      {
        "trace:": [
          "assign0",
          "assign1",
          "assign2",
          "assign3",
          "assign4",
          "assume0",
          "assume1",
          "assume2",
          "assume3",
          "read0",
          "split_join0",
          "start0"
        ],
        "values": {
          "$stack": "({1: '([1, 1], [2, 2])'}, 0)",
          "p": "([-2147483648, 2147483647], [-2147483648, 2147483647])",
          "r": "({0x00000001}, {0x00000001})"
        }
      }
    ],
    "start0": [
      {
        "trace:": [
          "start0"
        ],
        "values": {
          "$stack": "({}, 0)",
          "p": "([-2147483648, 2147483647], [-2147483648, 2147483647])",
          "r": "({[all-path]}, {[all-path]})"
        }
      }
    ]
  },
  "le_t_eq_v": {
    "assign0": [
      {
        "trace:": [
          "assign0",
          "read0",
          "start0"
        ],
        "values": {
          "$stack": "({}, 0)",
          "p": "([-2147483648, 2147483647], [-2147483648, 2147483647])",
          "r": "({[all-path]}, {[all-path]})"
        }
      }
    ],
    "assign1": [
      {
        "trace:": [
          "assign0",
          "assign1",
          "read0",
          "start0"
        ],
        "values": {
          "$stack": "({}, 0)",
          "p": "([-2147483648, 2147483647], [-2147483648, 2147483647])",
          "r": "({0x00000001}, {0x00000001})"
        }
      }
    ],
    "assign2": [
      {
        "trace:": [
          "assign0",
          "assign1",
          "assign2",
          "assume0",
          "assume1",
          "assume2",
          "read0",
          "start0"
        ],
        "values": {
          "$stack": "({1: '([1, 1], [2, 2])'}, 0)",
          "p": "([-2147483648, 2147483647], [-2147483648, 2147483647])",
          "r": "({0x00000001}, {0x00000001})"
        }
      }
    ],
    "assign3": [
      {
        "trace:": [
          "assign0",
          "assign1",
          "assign3",
          "assume0",
          "assume3",
          "read0",
          "start0"
        ],
        "values": {
          "$stack": "({1: '([-2147483648, 2147483647], [-2147483648, 2147483647])'}, 0)",
          "p": "([-2147483648, 2147483647], [-2147483648, 2147483647])",
          "r": "({0x00000001}, {0x00000001})"
        }
      }
    ],
    "assign4": [
      {
        "trace:": [
          "assign0",
          "assign1",
          "assign3",
          "assign4",
          "assume0",
          "assume3",
          "read0",
          "start0"
        ],
        "values": {
          "$stack": "({1: '([1, 1], [2, 2])'}, 0)",
          "p": "([-2147483648, 2147483647], [-2147483648, 2147483647])",
          "r": "({0x00000001}, {0x00000001})"
        }
      }
    ],
    "assume0": [
      {
        "trace:": [
          "assign0",
          "assign1",
          "assume0",
          "read0",
          "start0"
        ],
        "values": {
          "$stack": "({}, 0)",
          "p": "([-2147483648, 2147483647], [-2147483648, 2147483647])",
          "r": "({0x00000001}, {0x00000001})"
        }
      }
    ],
    "assume1": [
      {
        "trace:": [
          "assign0",
          "assign1",
          "assume0",
          "assume1",
          "read0",
          "start0"
        ],
        "values": {
          "$stack": "({1: '([1, 1], [-2147483648, 2147483647])'}, 0)",
          "p": "([-2147483648, 2147483647], [-2147483648, 2147483647])",
          "r": "({0x00000001}, {0x00000001})"
        }
      }
    ],
    "assume2": [
      {
        "trace:": [
          "assign0",
          "assign1",
          "assume0",
          "assume1",
          "assume2",
          "read0",
          "start0"
        ],
        "values": {
          "$stack": "({1: '([1, 1], [-2147483648, 2147483647])'}, 0)",
          "p": "([-2147483648, 2147483647], [-2147483648, 2147483647])",
          "r": "({0x00000001}, {0x00000001})"
        }
      }
    ],
    "assume3": [
      {
        "trace:": [
          "assign0",
          "assign1",
          "assume0",
          "assume3",
          "read0",
          "start0"
        ],
        "values": {
          "$stack": "({1: '([-2147483648, 2147483647], [-2147483648, 2147483647])'}, 0)",
          "p": "([-2147483648, 2147483647], [-2147483648, 2147483647])",
          "r": "({0x00000001}, {0x00000001})"
        }
      }
    ],
    "read0": [
      {
        "trace:": [
          "read0",
          "start0"
        ],
        "values": {
          "$stack": "({}, 0)",
          "p": "([-2147483648, 2147483647], [-2147483648, 2147483647])",
          "r": "({[all-path]}, {[all-path]})"
        }
      }
    ],
    "split_join0": [
      {
        "trace:": [
          "assign0",
          "assign1",
          "assign2",
          "assume0",
          "assume1",
          "assume2",
          "read0",
          "split_join0",
          "start0"
        ],
        "values": {
          "$stack": "({1: '([1, 1], [2, 2])'}, 0)",
          "p": "([-2147483648, 2147483647], [-2147483648, 2147483647])",
          "r": "({0x00000001}, {0x00000001})"
        }
      },
      {
        "trace:": [
          "assign0",
          "assign1",
          "assign3",
          "assign4",
          "assume0",
          "assume3",
          "read0",
          "split_join0",
          "start0"
        ],
        "values": {
          "$stack": "({1: '([1, 1], [2, 2])'}, 0)",
          "p": "([-2147483648, 2147483647], [-2147483648, 2147483647])",
          "r": "({0x00000001}, {0x00000001})"
        }
      }
    ],
    "start0": [
      {
        "trace:": [
          "start0"
        ],
        "values": {
          "$stack": "({}, 0)",
          "p": "([-2147483648, 2147483647], [-2147483648, 2147483647])",
          "r": "({[all-path]}, {[all-path]})"
        }
      }
    ]
  }
}