{
  "always": {
    "assign0": [
      {
        "trace:": [
          "assign0", 
          "read0",
          "start0"
        ],
        "values": {
          "p": "([-2147483648, 2147483647], [10, 123], [-2147483648, 2147483647])"
        }
      }
    ],
    "read0": [
      {
        "trace:": [
          "read0",
          "start0"
        ],
        "values": {
          "p": "([-2147483648, 2147483647], [-2147483648, 2147483647], [-2147483648, 2147483647])"
        }
      }
    ],
    "start0": [
      {
        "trace:": [
          "start0"
        ],
        "values": {
          "p": "([-2147483648, 2147483647], [-2147483648, 2147483647], [-2147483648, 2147483647])"
        }
      }
    ]
  },
  "le_t_eq_v": {
    "assign0": [
      {
        "trace:": [
          "assign0",
          "read0",
          "start0"
        ],
        "values": {
          "p": "([-2147483648, 2147483647], [10, 20], [-2147483648, 2147483647])"
        }
      }
    ],
    "read0": [
      {
        "trace:": [
          "read0",
          "start0"
        ],
        "values": {
          "p": "([-2147483648, 2147483647], [-2147483648, 2147483647], [-2147483648, 2147483647])"
        }
      }
    ], 
    "start0": [
      {
        "trace:": [
          "start0"
        ], 
        "values": {
          "p": "([-2147483648, 2147483647], [-2147483648, 2147483647], [-2147483648, 2147483647])"
        }
      }
    ]
  }
}