{
  "always": [
    "assign1",
    "assume2"
  ],
  "le_t_eq_v": [
    "assign1",
    "assume2"
  ]
}