{
  "always": {
    "assign0": [
      {
        "trace:": [
          "assign0", 
          "start0"
        ], 
        "values": {
          "E": "[-2147483648, 2147483647]", 
          "My_Array": "{([0, 3]): [-2147483648, 2147483647]}", 
          "X": "[-2147483648, 2147483647]"
        }
      }
    ], 
    "assign1": [
      {
        "trace:": [
          "assign0", 
          "assign1", 
          "start0"
        ], 
        "values": {
          "E": "[-2147483648, 2147483647]", 
          "My_Array": "{([0, 3]): [-2147483648, 2147483647]}", 
          "X": "[0, 0]"
        }
      }
    ], 
    "assign2": [
      {
        "trace:": [
          "assign0", 
          "assign1", 
          "assign2", 
          "start0"
        ], 
        "values": {
          "E": "[-2147483648, 2147483647]", 
          "My_Array": "{([0, 0]): [12, 12], ([1, 3]): [-2147483648, 2147483647]}", 
          "X": "[0, 0]"
        }
      }
    ], 
    "assign3": [
      {
        "trace:": [
          "assign0", 
          "assign1", 
          "assign2", 
          "assign3", 
          "start0"
        ], 
        "values": {
          "E": "[-2147483648, 2147483647]", 
          "My_Array": "{([0, 0]): [12, 12], ([1, 1]): [4, 4], ([2, 3]): [-2147483648, 2147483647]}", 
          "X": "[0, 0]"
        }
      }
    ], 
    "assign4": [
      {
        "trace:": [
          "assign0", 
          "assign1", 
          "assign2", 
          "assign3", 
          "assign4", 
          "start0"
        ], 
        "values": {
          "E": "[-2147483648, 2147483647]", 
          "My_Array": "{([0, 0]): [12, 12], ([1, 1]): [4, 4], ([2, 2]): [14, 14], ([3, 3]): [-2147483648, 2147483647]}", 
          "X": "[0, 0]"
        }
      }
    ], 
    "assign5": [
      {
        "trace:": [
          "assign0", 
          "assign1", 
          "assign2", 
          "assign3", 
          "assign4", 
          "assign5", 
          "start0"
        ],
        "values": {
          "E": "[-2147483648, 2147483647]",
          "My_Array": "{([0, 0]): [12, 12], ([1, 1]): [4, 4], ([2, 2]): [14, 14], ([3, 3]): [7, 7]}",
          "X": "[0, 0]"
        }
      }
    ],
    "assign6": [
      {
        "trace:": [
          "assign0",
          "assign1",
          "assign2",
          "assign3",
          "assign4",
          "assign5",
          "assign6",
          "start0"
        ],
        "values": {
          "E": "[-2147483648, 2147483647]",
          "My_Array": "{([0, 0]): [12, 12], ([1, 1]): [4, 4], ([2, 2]): [14, 14], ([3, 3]): [7, 7]}",
          "X": "[0, 0]"
        }
      }
    ],
    "assign7": [
      {
        "trace:": [
          "assign0",
          "assign1",
          "assign2",
          "assign3",
          "assign4",
          "assign5",
          "assign6",
          "assign7",
          "assume0",
          "loop_start0",
          "start0"
        ],
        "values": {
          "E": "[4, 14]",
          "My_Array": "{([0, 0]): [12, 12], ([1, 1]): [4, 4], ([2, 2]): [14, 14], ([3, 3]): [7, 7]}",
          "X": "[-2147483648, 2147483647]"
        }
      }
    ],
    "assume0": [
      {
        "trace:": [
          "assign0",
          "assign1",
          "assign2",
          "assign3",
          "assign4",
          "assign5",
          "assign6",
          "assign7",
          "assume0",
          "loop_start0",
          "start0"
        ],
        "values": {
          "E": "[4, 14]",
          "My_Array": "{([0, 0]): [12, 12], ([1, 1]): [4, 4], ([2, 2]): [14, 14], ([3, 3]): [7, 7]}",
          "X": "[-2147483648, 2147483647]"
        }
      }
    ],
    "loop_join0": [
      {
        "trace:": [
          "assign0",
          "assign1",
          "assign2",
          "assign3",
          "assign4",
          "assign5",
          "assign6",
          "assign7",
          "assume0",
          "loop_join0",
          "loop_start0",
          "start0"
        ],
        "values": {
          "E": "[-2147483648, 2147483647]",
          "My_Array": "{([0, 0]): [12, 12], ([1, 1]): [4, 4], ([2, 2]): [14, 14], ([3, 3]): [7, 7]}",
          "X": "[-2147483648, 2147483647]"
        }
      }
    ],
    "loop_start0": [
      {
        "trace:": [
          "assign0",
          "assign1",
          "assign2",
          "assign3",
          "assign4",
          "assign5",
          "assign6",
          "assign7",
          "assume0",
          "loop_start0",
          "start0"
        ],
        "values": {
          "E": "[-2147483648, 2147483647]",
          "My_Array": "{([0, 0]): [12, 12], ([1, 1]): [4, 4], ([2, 2]): [14, 14], ([3, 3]): [7, 7]}",
          "X": "[-2147483648, 2147483647]"
        }
      }
    ],
    "start0": [
      {
        "trace:": [
          "start0"
        ],
        "values": {
          "E": "[-2147483648, 2147483647]",
          "My_Array": "{([0, 3]): [-2147483648, 2147483647]}",
          "X": "[-2147483648, 2147483647]"
        }
      }
    ]
  },
  "le_t_eq_v": {
    "assign0": [
      {
        "trace:": [
          "assign0",
          "start0"
        ],
        "values": {
          "E": "[-2147483648, 2147483647]",
          "My_Array": "{([0, 3]): [-2147483648, 2147483647]}",
          "X": "[-2147483648, 2147483647]"
        }
      }
    ],
    "assign1": [
      {
        "trace:": [
          "assign0",
          "assign1",
          "start0"
        ],
        "values": {
          "E": "[-2147483648, 2147483647]",
          "My_Array": "{([0, 3]): [-2147483648, 2147483647]}",
          "X": "[0, 0]"
        }
      }
    ],
    "assign2": [
      {
        "trace:": [
          "assign0",
          "assign1",
          "assign2",
          "start0"
        ],
        "values": {
          "E": "[-2147483648, 2147483647]",
          "My_Array": "{([0, 0]): [12, 12], ([1, 3]): [-2147483648, 2147483647]}",
          "X": "[0, 0]"
        }
      }
    ],
    "assign3": [
      {
        "trace:": [
          "assign0",
          "assign1",
          "assign2",
          "assign3",
          "start0"
        ],
        "values": {
          "E": "[-2147483648, 2147483647]",
          "My_Array": "{([0, 0]): [12, 12], ([1, 1]): [4, 4], ([2, 3]): [-2147483648, 2147483647]}",
          "X": "[0, 0]"
        }
      }
    ],
    "assign4": [
      {
        "trace:": [
          "assign0",
          "assign1",
          "assign2",
          "assign3",
          "assign4",
          "start0"
        ],
        "values": {
          "E": "[-2147483648, 2147483647]",
          "My_Array": "{([0, 0]): [12, 12], ([1, 1]): [4, 4], ([2, 2]): [14, 14], ([3, 3]): [-2147483648, 2147483647]}",
          "X": "[0, 0]"
        }
      }
    ],
    "assign5": [
      {
        "trace:": [
          "assign0",
          "assign1",
          "assign2",
          "assign3",
          "assign4",
          "assign5",
          "start0"
        ],
        "values": {
          "E": "[-2147483648, 2147483647]",
          "My_Array": "{([0, 0]): [12, 12], ([1, 1]): [4, 4], ([2, 2]): [14, 14], ([3, 3]): [7, 7]}",
          "X": "[0, 0]"
        }
      }
    ],
    "assign6": [
      {
        "trace:": [
          "assign0",
          "assign1",
          "assign2",
          "assign3",
          "assign4",
          "assign5",
          "assign6",
          "start0"
        ],
        "values": {
          "E": "[-2147483648, 2147483647]",
          "My_Array": "{([0, 0]): [12, 12], ([1, 1]): [4, 4], ([2, 2]): [14, 14], ([3, 3]): [7, 7]}",
          "X": "[0, 0]"
        }
      }
    ],
    "assign7": [
      {
        "trace:": [
          "assign0",
          "assign1",
          "assign2",
          "assign3",
          "assign4",
          "assign5",
          "assign6",
          "assign7",
          "assume0",
          "loop_start0",
          "start0"
        ],
        "values": {
          "E": "[4, 14]",
          "My_Array": "{([0, 0]): [12, 12], ([1, 1]): [4, 4], ([2, 2]): [14, 14], ([3, 3]): [7, 7]}",
          "X": "[-2147483648, 2147483647]"
        }
      }
    ],
    "assume0": [
      {
        "trace:": [
          "assign0",
          "assign1",
          "assign2",
          "assign3",
          "assign4",
          "assign5",
          "assign6",
          "assign7",
          "assume0",
          "loop_start0",
          "start0"
        ],
        "values": {
          "E": "[4, 14]",
          "My_Array": "{([0, 0]): [12, 12], ([1, 1]): [4, 4], ([2, 2]): [14, 14], ([3, 3]): [7, 7]}",
          "X": "[-2147483648, 2147483647]"
        }
      }
    ],
    "loop_join0": [
      {
        "trace:": [
          "assign0",
          "assign1",
          "assign2",
          "assign3",
          "assign4",
          "assign5",
          "assign6",
          "assign7",
          "assume0",
          "loop_join0",
          "loop_start0",
          "start0"
        ],
        "values": {
          "E": "[-2147483648, 2147483647]",
          "My_Array": "{([0, 0]): [12, 12], ([1, 1]): [4, 4], ([2, 2]): [14, 14], ([3, 3]): [7, 7]}",
          "X": "[-2147483648, 2147483647]"
        }
      }
    ],
    "loop_start0": [
      {
        "trace:": [
          "assign0",
          "assign1",
          "assign2",
          "assign3",
          "assign4",
          "assign5",
          "assign6",
          "assign7",
          "assume0",
          "loop_start0",
          "start0"
        ],
        "values": {
          "E": "[-2147483648, 2147483647]",
          "My_Array": "{([0, 0]): [12, 12], ([1, 1]): [4, 4], ([2, 2]): [14, 14], ([3, 3]): [7, 7]}",
          "X": "[-2147483648, 2147483647]"
        }
      }
    ],
    "start0": [
      {
        "trace:": [
          "start0"
        ],
        "values": {
          "E": "[-2147483648, 2147483647]",
          "My_Array": "{([0, 3]): [-2147483648, 2147483647]}",
          "X": "[-2147483648, 2147483647]"
        }
      }
    ]
  }
}