{
  "always": [
    {
      "precise": true, 
      "trace": [
        "assign0", 
        "assign1", 
        "assign2", 
        "assume0", 
        "start0"
      ]
    }
  ], 
  "le_t_eq_v": [
    {
      "precise": true, 
      "trace": [
        "assign0", 
        "assign1", 
        "assign2", 
        "assume0", 
        "start0"
      ]
    }
  ]
}
