{
  "always": {
    "assign0": [
      {
        "trace:": [
          "assign0",
          "read0",
          "start0"
        ],
        "values": {
          "x": "[(((0, 11), frozenset([u'A', u'C', u'B'])), (-2147483648, 2147483647)), (((13, 20), frozenset([u'A', u'C', u'B'])), (-2147483648, 2147483647)), (((12, 12), frozenset([u'A', u'B'])), (-2147483648, 2147483647)), (((12, 12), frozenset([u'C'])), (14, 14))]"
        }
      }
    ],
    "assign1": [
      {
        "trace:": [
          "assign0",
          "assign1",
          "read0",
          "start0"
        ],
        "values": {
          "x": "[(((0, 11), frozenset([u'A', u'C', u'B'])), (-2147483648, 2147483647)), (((13, 20), frozenset([u'A', u'C', u'B'])), (-2147483648, 2147483647)), (((12, 12), frozenset([u'B'])), (-2147483648, 2147483647)), (((12, 12), frozenset([u'A', u'C'])), (14, 14))]"
        }
      }
    ],
    "assign2": [
      {
        "trace:": [
          "assign0",
          "assign1",
          "assign2",
          "read0",
          "start0"
        ],
        "values": {
          "x": "[(((0, 11), frozenset([u'A', u'C', u'B'])), (-2147483648, 2147483647)), (((13, 20), frozenset([u'A', u'C', u'B'])), (-2147483648, 2147483647)), (((12, 12), frozenset([])), (-2147483648, 2147483647)), (((12, 12), frozenset([u'A', u'C', u'B'])), (14, 14))]"
        }
      }
    ],
    "read0": [
      {
        "trace:": [
          "read0",
          "start0"
        ],
        "values": {
          "x": "[(((0, 20), frozenset([u'A', u'C', u'B'])), (-2147483648, 2147483647))]"
        }
      }
    ],
    "start0": [
      {
        "trace:": [
          "start0"
        ],
        "values": {
          "x": "[(((0, 20), frozenset([u'A', u'C', u'B'])), (-2147483648, 2147483647))]"
        }
      }
    ]
  },
  "le_t_eq_v": {
    "assign0": [
      {
        "trace:": [
          "assign0",
          "read0",
          "start0"
        ],
        "values": {
          "x": "[(((0, 11), frozenset([u'A', u'C', u'B'])), (-2147483648, 2147483647)), (((13, 20), frozenset([u'A', u'C', u'B'])), (-2147483648, 2147483647)), (((12, 12), frozenset([u'A', u'B'])), (-2147483648, 2147483647)), (((12, 12), frozenset([u'C'])), (14, 14))]"
        }
      }
    ],
    "assign1": [
      {
        "trace:": [
          "assign0",
          "assign1",
          "read0",
          "start0"
        ],
        "values": {
          "x": "[(((0, 11), frozenset([u'A', u'C', u'B'])), (-2147483648, 2147483647)), (((13, 20), frozenset([u'A', u'C', u'B'])), (-2147483648, 2147483647)), (((12, 12), frozenset([u'B'])), (-2147483648, 2147483647)), (((12, 12), frozenset([u'A', u'C'])), (14, 14))]"
        }
      }
    ],
    "assign2": [
      {
        "trace:": [
          "assign0",
          "assign1",
          "assign2",
          "read0",
          "start0"
        ],
        "values": {
          "x": "[(((0, 11), frozenset([u'A', u'C', u'B'])), (-2147483648, 2147483647)), (((13, 20), frozenset([u'A', u'C', u'B'])), (-2147483648, 2147483647)), (((12, 12), frozenset([])), (-2147483648, 2147483647)), (((12, 12), frozenset([u'A', u'C', u'B'])), (14, 14))]"
        }
      }
    ],
    "read0": [
      {
        "trace:": [
          "read0",
          "start0"
        ],
        "values": {
          "x": "[(((0, 20), frozenset([u'A', u'C', u'B'])), (-2147483648, 2147483647))]"
        }
      }
    ],
    "start0": [
      {
        "trace:": [
          "start0"
        ],
        "values": {
          "x": "[(((0, 20), frozenset([u'A', u'C', u'B'])), (-2147483648, 2147483647))]"
        }
      }
    ]
  }
}