{
  "always": {
    "assign1": [
      {
        "trace:": [
          "assign1",
          "read0",
          "start0"
        ],
        "values": {
          "x": "[1, 1]"
        }
      }
    ],
    "read0": [
      {
        "trace:": [
          "read0",
          "start0"
        ],
        "values": {
          "x": "[-2147483648, 2147483647]"
        }
      }
    ],
    "start0": [
      {
        "trace:": [
          "start0"
        ],
        "values": {
          "x": "[-2147483648, 2147483647]"
        }
      }
    ]
  },
  "le_t_eq_v": {
    "assign1": [
      {
        "trace:": [
          "assign1",
          "read0",
          "start0"
        ],
        "values": {
          "x": "[1, 1]"
        }
      }
    ],
    "read0": [
      {
        "trace:": [
          "read0",
          "start0"
        ],
        "values": {
          "x": "[-2147483648, 2147483647]"
        }
      }
    ],
    "start0": [
      {
        "trace:": [
          "start0"
        ],
        "values": {
          "x": "[-2147483648, 2147483647]"
        }
      }
    ]
  }
}