Program:
  X#1 = 3
  X#1 = +(X#1, 1)
  result0#2 = X#1
  goto end
  end: